Component: ARM Compiler 5.06 update 7 (build 960) Tool: armlink [4d3601]

==============================================================================

Section Cross References

    main.o(i.I2CStart) refers to main.o(i.display_bit_delay) for display_bit_delay
    main.o(i.I2CStop) refers to main.o(i.display_bit_delay) for display_bit_delay
    main.o(i.I2CWrByte) refers to main.o(i.display_bit_delay) for display_bit_delay
    main.o(i.I2Cask) refers to main.o(i.display_bit_delay) for display_bit_delay
    main.o(i.SmgDisplay) refers to main.o(i.I2CStart) for I2CStart
    main.o(i.SmgDisplay) refers to main.o(i.I2CWrByte) for I2CWrByte
    main.o(i.SmgDisplay) refers to main.o(i.I2Cask) for I2Cask
    main.o(i.SmgDisplay) refers to main.o(i.I2CStop) for I2CStop
    main.o(i.SysTick_Handler) refers to main.o(.data) for millis
    main.o(i.display_number) refers to idiv.o(.text) for __aeabi_idivmod
    main.o(i.display_number) refers to main.o(.bss) for display
    main.o(i.display_number) refers to main.o(.constdata) for num_to_seven_seg
    main.o(i.main) refers to main.o(i.display_number) for display_number
    main.o(i.main) refers to main.o(i.SmgDisplay) for SmgDisplay
    main.o(i.main) refers to main.o(.bss) for display
    start.o(RESET) refers to start.o(STACK) for __initial_sp
    start.o(RESET) refers to start.o(.text) for Reset_Handler
    start.o(RESET) refers to main.o(i.SysTick_Handler) for SysTick_Handler
    start.o(.text) refers to start.o(STACK) for __initial_sp
    start.o(.text) refers to sys.o(i.SystemInit) for SystemInit
    start.o(.text) refers to entry.o(.ARM.Collect$$$$00000000) for __main
    sys.o(i.AutoCalPllFactor) refers to uidiv.o(.text) for __aeabi_uidivmod
    sys.o(i.SetSysClock) refers to sys.o(i.SetSysClockToXX_HSI) for SetSysClockToXX_HSI
    sys.o(i.SetSysClockToXX_HSI) refers to uidiv.o(.text) for __aeabi_uidivmod
    sys.o(i.SetSysClockToXX_HSI) refers to sys.o(.data) for SystemCoreClock
    sys.o(i.SystemInit) refers to sys.o(i.SetSysClock) for SetSysClock
    entry.o(.ARM.Collect$$$$00000000) refers (Special) to entry10a.o(.ARM.Collect$$$$0000000F) for __rt_final_cpp
    entry.o(.ARM.Collect$$$$00000000) refers (Special) to entry11a.o(.ARM.Collect$$$$00000011) for __rt_final_exit
    entry.o(.ARM.Collect$$$$00000000) refers (Special) to entry12b.o(.ARM.Collect$$$$0000000E) for __rt_lib_shutdown_fini
    entry.o(.ARM.Collect$$$$00000000) refers (Special) to entry7b.o(.ARM.Collect$$$$00000008) for _main_clock
    entry.o(.ARM.Collect$$$$00000000) refers (Special) to entry8b.o(.ARM.Collect$$$$0000000A) for _main_cpp_init
    entry.o(.ARM.Collect$$$$00000000) refers (Special) to entry9a.o(.ARM.Collect$$$$0000000B) for _main_init
    entry.o(.ARM.Collect$$$$00000000) refers (Special) to entry5.o(.ARM.Collect$$$$00000004) for _main_scatterload
    entry.o(.ARM.Collect$$$$00000000) refers (Special) to entry2.o(.ARM.Collect$$$$00000001) for _main_stk
    idiv.o(.text) refers to uidiv.o(.text) for __aeabi_uidivmod
    entry2.o(.ARM.Collect$$$$00000001) refers to entry2.o(.ARM.Collect$$$$00002712) for __lit__00000000
    entry2.o(.ARM.Collect$$$$00002712) refers to start.o(STACK) for __initial_sp
    entry2.o(__vectab_stack_and_reset_area) refers to start.o(STACK) for __initial_sp
    entry2.o(__vectab_stack_and_reset_area) refers to entry.o(.ARM.Collect$$$$00000000) for __main
    entry5.o(.ARM.Collect$$$$00000004) refers to init.o(.text) for __scatterload
    entry9a.o(.ARM.Collect$$$$0000000B) refers to main.o(i.main) for main
    entry9b.o(.ARM.Collect$$$$0000000C) refers to main.o(i.main) for main
    init.o(.text) refers to entry5.o(.ARM.Collect$$$$00000004) for __main_after_scatterload


==============================================================================

Removing Unused input sections from the image.

    Removing main.o(.rev16_text), (4 bytes).
    Removing main.o(.revsh_text), (4 bytes).
    Removing start.o(HEAP), (512 bytes).
    Removing sys.o(.rev16_text), (4 bytes).
    Removing sys.o(.revsh_text), (4 bytes).
    Removing sys.o(i.AutoCalPllFactor), (106 bytes).

6 unused section(s) (total 634 bytes) removed from the image.

==============================================================================

Image Symbol Table

    Local Symbols

    Symbol Name                              Value     Ov Type        Size  Object(Section)

    ../clib/microlib/division.c              0x00000000   Number         0  idiv.o ABSOLUTE
    ../clib/microlib/division.c              0x00000000   Number         0  uidiv.o ABSOLUTE
    ../clib/microlib/init/entry.s            0x00000000   Number         0  entry7b.o ABSOLUTE
    ../clib/microlib/init/entry.s            0x00000000   Number         0  entry7a.o ABSOLUTE
    ../clib/microlib/init/entry.s            0x00000000   Number         0  entry.o ABSOLUTE
    ../clib/microlib/init/entry.s            0x00000000   Number         0  entry5.o ABSOLUTE
    ../clib/microlib/init/entry.s            0x00000000   Number         0  entry12b.o ABSOLUTE
    ../clib/microlib/init/entry.s            0x00000000   Number         0  entry2.o ABSOLUTE
    ../clib/microlib/init/entry.s            0x00000000   Number         0  entry12a.o ABSOLUTE
    ../clib/microlib/init/entry.s            0x00000000   Number         0  entry11b.o ABSOLUTE
    ../clib/microlib/init/entry.s            0x00000000   Number         0  entry11a.o ABSOLUTE
    ../clib/microlib/init/entry.s            0x00000000   Number         0  entry10b.o ABSOLUTE
    ../clib/microlib/init/entry.s            0x00000000   Number         0  entry10a.o ABSOLUTE
    ../clib/microlib/init/entry.s            0x00000000   Number         0  entry9b.o ABSOLUTE
    ../clib/microlib/init/entry.s            0x00000000   Number         0  entry9a.o ABSOLUTE
    ../clib/microlib/init/entry.s            0x00000000   Number         0  entry8b.o ABSOLUTE
    ../clib/microlib/init/entry.s            0x00000000   Number         0  entry8a.o ABSOLUTE
    dc.s                                     0x00000000   Number         0  dc.o ABSOLUTE
    handlers.s                               0x00000000   Number         0  handlers.o ABSOLUTE
    init.s                                   0x00000000   Number         0  init.o ABSOLUTE
    src\\main.c                              0x00000000   Number         0  main.o ABSOLUTE
    src\\sys.c                               0x00000000   Number         0  sys.o ABSOLUTE
    src\main.c                               0x00000000   Number         0  main.o ABSOLUTE
    src\start.s                              0x00000000   Number         0  start.o ABSOLUTE
    src\sys.c                                0x00000000   Number         0  sys.o ABSOLUTE
    RESET                                    0x08000000   Section      192  start.o(RESET)
    .ARM.Collect$$$$00000000                 0x080000c0   Section        0  entry.o(.ARM.Collect$$$$00000000)
    .ARM.Collect$$$$00000001                 0x080000c0   Section        4  entry2.o(.ARM.Collect$$$$00000001)
    .ARM.Collect$$$$00000004                 0x080000c4   Section        4  entry5.o(.ARM.Collect$$$$00000004)
    .ARM.Collect$$$$00000008                 0x080000c8   Section        0  entry7b.o(.ARM.Collect$$$$00000008)
    .ARM.Collect$$$$0000000A                 0x080000c8   Section        0  entry8b.o(.ARM.Collect$$$$0000000A)
    .ARM.Collect$$$$0000000B                 0x080000c8   Section        8  entry9a.o(.ARM.Collect$$$$0000000B)
    .ARM.Collect$$$$0000000E                 0x080000d0   Section        4  entry12b.o(.ARM.Collect$$$$0000000E)
    .ARM.Collect$$$$0000000F                 0x080000d4   Section        0  entry10a.o(.ARM.Collect$$$$0000000F)
    .ARM.Collect$$$$00000011                 0x080000d4   Section        0  entry11a.o(.ARM.Collect$$$$00000011)
    .ARM.Collect$$$$00002712                 0x080000d4   Section        4  entry2.o(.ARM.Collect$$$$00002712)
    __lit__00000000                          0x080000d4   Data           4  entry2.o(.ARM.Collect$$$$00002712)
    .text                                    0x080000d8   Section       96  start.o(.text)
    .text                                    0x08000138   Section        0  uidiv.o(.text)
    .text                                    0x08000164   Section        0  idiv.o(.text)
    .text                                    0x0800018c   Section       36  init.o(.text)
    i.I2CStart                               0x080001b0   Section        0  main.o(i.I2CStart)
    i.I2CStop                                0x080001ec   Section        0  main.o(i.I2CStop)
    i.I2CWrByte                              0x08000244   Section        0  main.o(i.I2CWrByte)
    i.I2Cask                                 0x080002b0   Section        0  main.o(i.I2Cask)
    i.SetSysClock                            0x080002f0   Section        0  sys.o(i.SetSysClock)
    SetSysClock                              0x080002f1   Thumb Code     8  sys.o(i.SetSysClock)
    i.SetSysClockToXX_HSI                    0x080002f8   Section        0  sys.o(i.SetSysClockToXX_HSI)
    SetSysClockToXX_HSI                      0x080002f9   Thumb Code   198  sys.o(i.SetSysClockToXX_HSI)
    i.SmgDisplay                             0x080003d8   Section        0  main.o(i.SmgDisplay)
    i.SysTick_Handler                        0x08000444   Section        0  main.o(i.SysTick_Handler)
    i.SystemInit                             0x08000454   Section        0  sys.o(i.SystemInit)
    i.__scatterload_copy                     0x080004c0   Section       14  handlers.o(i.__scatterload_copy)
    i.__scatterload_null                     0x080004ce   Section        2  handlers.o(i.__scatterload_null)
    i.__scatterload_zeroinit                 0x080004d0   Section       14  handlers.o(i.__scatterload_zeroinit)
    i.display_bit_delay                      0x080004de   Section        0  main.o(i.display_bit_delay)
    i.display_number                         0x080004ec   Section        0  main.o(i.display_number)
    i.main                                   0x08000558   Section        0  main.o(i.main)
    .constdata                               0x080005b8   Section       17  main.o(.constdata)
    .data                                    0x20000000   Section        5  main.o(.data)
    .data                                    0x20000008   Section       20  sys.o(.data)
    .bss                                     0x2000001c   Section       20  main.o(.bss)
    STACK                                    0x20000030   Section     1024  start.o(STACK)

    Global Symbols

    Symbol Name                              Value     Ov Type        Size  Object(Section)

    BuildAttributes$$THM_ISAv3M$S$PE$A:L22$X:L11$S22$IEEE1$IW$USESV6$~STKCKD$USESV7$~SHL$OSPACE$EBA8$MICROLIB$REQ8$PRES8$EABIv2 0x00000000   Number         0  anon$$obj.o ABSOLUTE
    __ARM_use_no_argv                        0x00000000   Number         0  main.o ABSOLUTE
    __arm_fini_                               - Undefined Weak Reference
    __cpp_initialize__aeabi_                  - Undefined Weak Reference
    __cxa_finalize                            - Undefined Weak Reference
    __decompress                              - Undefined Weak Reference
    _clock_init                               - Undefined Weak Reference
    _microlib_exit                            - Undefined Weak Reference
    __Vectors_Size                           0x000000c0   Number         0  start.o ABSOLUTE
    __Vectors                                0x08000000   Data           4  start.o(RESET)
    __Vectors_End                            0x080000c0   Data           0  start.o(RESET)
    __main                                   0x080000c1   Thumb Code     0  entry.o(.ARM.Collect$$$$00000000)
    _main_stk                                0x080000c1   Thumb Code     0  entry2.o(.ARM.Collect$$$$00000001)
    _main_scatterload                        0x080000c5   Thumb Code     0  entry5.o(.ARM.Collect$$$$00000004)
    __main_after_scatterload                 0x080000c9   Thumb Code     0  entry5.o(.ARM.Collect$$$$00000004)
    _main_clock                              0x080000c9   Thumb Code     0  entry7b.o(.ARM.Collect$$$$00000008)
    _main_cpp_init                           0x080000c9   Thumb Code     0  entry8b.o(.ARM.Collect$$$$0000000A)
    _main_init                               0x080000c9   Thumb Code     0  entry9a.o(.ARM.Collect$$$$0000000B)
    __rt_lib_shutdown_fini                   0x080000d1   Thumb Code     0  entry12b.o(.ARM.Collect$$$$0000000E)
    __rt_final_cpp                           0x080000d5   Thumb Code     0  entry10a.o(.ARM.Collect$$$$0000000F)
    __rt_final_exit                          0x080000d5   Thumb Code     0  entry11a.o(.ARM.Collect$$$$00000011)
    Reset_Handler                            0x080000d9   Thumb Code    44  start.o(.text)
    NMI_Handler                              0x08000105   Thumb Code     2  start.o(.text)
    HardFault_Handler                        0x08000107   Thumb Code     2  start.o(.text)
    SVC_Handler                              0x08000109   Thumb Code     2  start.o(.text)
    PendSV_Handler                           0x0800010b   Thumb Code     2  start.o(.text)
    ADC1_COMP_IRQHandler                     0x0800010f   Thumb Code     0  start.o(.text)
    CAN_IRQHandler                           0x0800010f   Thumb Code     0  start.o(.text)
    DMA1_Channel1_IRQHandler                 0x0800010f   Thumb Code     0  start.o(.text)
    DMA1_Channel2_3_IRQHandler               0x0800010f   Thumb Code     0  start.o(.text)
    DMA1_Channel4_5_IRQHandler               0x0800010f   Thumb Code     0  start.o(.text)
    EXTI0_1_IRQHandler                       0x0800010f   Thumb Code     0  start.o(.text)
    EXTI2_3_IRQHandler                       0x0800010f   Thumb Code     0  start.o(.text)
    EXTI4_15_IRQHandler                      0x0800010f   Thumb Code     0  start.o(.text)
    FLASH_IRQHandler                         0x0800010f   Thumb Code     0  start.o(.text)
    HWDIV_IRQHandler                         0x0800010f   Thumb Code     0  start.o(.text)
    I2C1_IRQHandler                          0x0800010f   Thumb Code     0  start.o(.text)
    PVD_IRQHandler                           0x0800010f   Thumb Code     0  start.o(.text)
    RCC_CRS_IRQHandler                       0x0800010f   Thumb Code     0  start.o(.text)
    RTC_BKP_IRQHandler                       0x0800010f   Thumb Code     0  start.o(.text)
    SPI1_IRQHandler                          0x0800010f   Thumb Code     0  start.o(.text)
    SPI2_IRQHandler                          0x0800010f   Thumb Code     0  start.o(.text)
    TIM14_IRQHandler                         0x0800010f   Thumb Code     0  start.o(.text)
    TIM16_IRQHandler                         0x0800010f   Thumb Code     0  start.o(.text)
    TIM17_IRQHandler                         0x0800010f   Thumb Code     0  start.o(.text)
    TIM1_BRK_UP_TRG_COM_IRQHandler           0x0800010f   Thumb Code     0  start.o(.text)
    TIM1_CC_IRQHandler                       0x0800010f   Thumb Code     0  start.o(.text)
    TIM2_IRQHandler                          0x0800010f   Thumb Code     0  start.o(.text)
    TIM3_IRQHandler                          0x0800010f   Thumb Code     0  start.o(.text)
    UART1_IRQHandler                         0x0800010f   Thumb Code     0  start.o(.text)
    UART2_IRQHandler                         0x0800010f   Thumb Code     0  start.o(.text)
    WWDG_IRQHandler                          0x0800010f   Thumb Code     0  start.o(.text)
    __aeabi_uidiv                            0x08000139   Thumb Code     0  uidiv.o(.text)
    __aeabi_uidivmod                         0x08000139   Thumb Code    44  uidiv.o(.text)
    __aeabi_idiv                             0x08000165   Thumb Code     0  idiv.o(.text)
    __aeabi_idivmod                          0x08000165   Thumb Code    40  idiv.o(.text)
    __scatterload                            0x0800018d   Thumb Code    28  init.o(.text)
    __scatterload_rt2                        0x0800018d   Thumb Code     0  init.o(.text)
    I2CStart                                 0x080001b1   Thumb Code    56  main.o(i.I2CStart)
    I2CStop                                  0x080001ed   Thumb Code    82  main.o(i.I2CStop)
    I2CWrByte                                0x08000245   Thumb Code   102  main.o(i.I2CWrByte)
    I2Cask                                   0x080002b1   Thumb Code    60  main.o(i.I2Cask)
    SmgDisplay                               0x080003d9   Thumb Code   106  main.o(i.SmgDisplay)
    SysTick_Handler                          0x08000445   Thumb Code    12  main.o(i.SysTick_Handler)
    SystemInit                               0x08000455   Thumb Code    90  sys.o(i.SystemInit)
    __scatterload_copy                       0x080004c1   Thumb Code    14  handlers.o(i.__scatterload_copy)
    __scatterload_null                       0x080004cf   Thumb Code     2  handlers.o(i.__scatterload_null)
    __scatterload_zeroinit                   0x080004d1   Thumb Code    14  handlers.o(i.__scatterload_zeroinit)
    display_bit_delay                        0x080004df   Thumb Code    14  main.o(i.display_bit_delay)
    display_number                           0x080004ed   Thumb Code    94  main.o(i.display_number)
    main                                     0x08000559   Thumb Code    74  main.o(i.main)
    num_to_seven_seg                         0x080005b8   Data          10  main.o(.constdata)
    num_to_proggress                         0x080005c2   Data           7  main.o(.constdata)
    Region$$Table$$Base                      0x080005cc   Number         0  anon$$obj.o(Region$$Table)
    Region$$Table$$Limit                     0x080005ec   Number         0  anon$$obj.o(Region$$Table)
    millis                                   0x20000000   Data           4  main.o(.data)
    seven_seg_char_t                         0x20000004   Data           1  main.o(.data)
    SystemCoreClock                          0x20000008   Data           4  sys.o(.data)
    AHBPrescTable                            0x2000000c   Data          16  sys.o(.data)
    display                                  0x2000001c   Data          20  main.o(.bss)
    __initial_sp                             0x20000430   Data           0  start.o(STACK)



==============================================================================

Memory Map of the image

  Image Entry point : 0x080000c1

  Load Region LR_IROM1 (Base: 0x08000000, Size: 0x00000608, Max: 0x00008000, ABSOLUTE)

    Execution Region ER_IROM1 (Exec base: 0x08000000, Load base: 0x08000000, Size: 0x000005ec, Max: 0x00008000, ABSOLUTE)

    Exec Addr    Load Addr    Size         Type   Attr      Idx    E Section Name        Object

    0x08000000   0x08000000   0x000000c0   Data   RO          169    RESET               start.o
    0x080000c0   0x080000c0   0x00000000   Code   RO          213  * .ARM.Collect$$$$00000000  mc_p.l(entry.o)
    0x080000c0   0x080000c0   0x00000004   Code   RO          220    .ARM.Collect$$$$00000001  mc_p.l(entry2.o)
    0x080000c4   0x080000c4   0x00000004   Code   RO          223    .ARM.Collect$$$$00000004  mc_p.l(entry5.o)
    0x080000c8   0x080000c8   0x00000000   Code   RO          225    .ARM.Collect$$$$00000008  mc_p.l(entry7b.o)
    0x080000c8   0x080000c8   0x00000000   Code   RO          227    .ARM.Collect$$$$0000000A  mc_p.l(entry8b.o)
    0x080000c8   0x080000c8   0x00000008   Code   RO          228    .ARM.Collect$$$$0000000B  mc_p.l(entry9a.o)
    0x080000d0   0x080000d0   0x00000004   Code   RO          235    .ARM.Collect$$$$0000000E  mc_p.l(entry12b.o)
    0x080000d4   0x080000d4   0x00000000   Code   RO          230    .ARM.Collect$$$$0000000F  mc_p.l(entry10a.o)
    0x080000d4   0x080000d4   0x00000000   Code   RO          232    .ARM.Collect$$$$00000011  mc_p.l(entry11a.o)
    0x080000d4   0x080000d4   0x00000004   Code   RO          221    .ARM.Collect$$$$00002712  mc_p.l(entry2.o)
    0x080000d8   0x080000d8   0x00000060   Code   RO          170    .text               start.o
    0x08000138   0x08000138   0x0000002c   Code   RO          216    .text               mc_p.l(uidiv.o)
    0x08000164   0x08000164   0x00000028   Code   RO          218    .text               mc_p.l(idiv.o)
    0x0800018c   0x0800018c   0x00000024   Code   RO          236    .text               mc_p.l(init.o)
    0x080001b0   0x080001b0   0x0000003c   Code   RO            3    i.I2CStart          main.o
    0x080001ec   0x080001ec   0x00000058   Code   RO            4    i.I2CStop           main.o
    0x08000244   0x08000244   0x0000006c   Code   RO            5    i.I2CWrByte         main.o
    0x080002b0   0x080002b0   0x00000040   Code   RO            6    i.I2Cask            main.o
    0x080002f0   0x080002f0   0x00000008   Code   RO          177    i.SetSysClock       sys.o
    0x080002f8   0x080002f8   0x000000e0   Code   RO          178    i.SetSysClockToXX_HSI  sys.o
    0x080003d8   0x080003d8   0x0000006a   Code   RO            7    i.SmgDisplay        main.o
    0x08000442   0x08000442   0x00000002   PAD
    0x08000444   0x08000444   0x00000010   Code   RO            8    i.SysTick_Handler   main.o
    0x08000454   0x08000454   0x0000006c   Code   RO          179    i.SystemInit        sys.o
    0x080004c0   0x080004c0   0x0000000e   Code   RO          240    i.__scatterload_copy  mc_p.l(handlers.o)
    0x080004ce   0x080004ce   0x00000002   Code   RO          241    i.__scatterload_null  mc_p.l(handlers.o)
    0x080004d0   0x080004d0   0x0000000e   Code   RO          242    i.__scatterload_zeroinit  mc_p.l(handlers.o)
    0x080004de   0x080004de   0x0000000e   Code   RO            9    i.display_bit_delay  main.o
    0x080004ec   0x080004ec   0x0000006c   Code   RO           10    i.display_number    main.o
    0x08000558   0x08000558   0x00000060   Code   RO           11    i.main              main.o
    0x080005b8   0x080005b8   0x00000011   Data   RO           13    .constdata          main.o
    0x080005c9   0x080005c9   0x00000003   PAD
    0x080005cc   0x080005cc   0x00000020   Data   RO          238    Region$$Table       anon$$obj.o


    Execution Region RW_IRAM1 (Exec base: 0x20000000, Load base: 0x080005ec, Size: 0x00000430, Max: 0x00001000, ABSOLUTE)

    Exec Addr    Load Addr    Size         Type   Attr      Idx    E Section Name        Object

    0x20000000   0x080005ec   0x00000005   Data   RW           14    .data               main.o
    0x20000005   0x080005f1   0x00000003   PAD
    0x20000008   0x080005f4   0x00000014   Data   RW          180    .data               sys.o
    0x2000001c        -       0x00000014   Zero   RW           12    .bss                main.o
    0x20000030        -       0x00000400   Zero   RW          167    STACK               start.o


==============================================================================

Image component sizes


      Code (inc. data)   RO Data    RW Data    ZI Data      Debug   Object Name

       660         60         17          5         20      11909   main.o
        96         40        192          0       1024        552   start.o
       340         44          0         20          0       1925   sys.o

    ----------------------------------------------------------------------
      1098        144        244         28       1044      14386   Object Totals
         0          0         32          0          0          0   (incl. Generated)
         2          0          3          3          0          0   (incl. Padding)

    ----------------------------------------------------------------------

      Code (inc. data)   RO Data    RW Data    ZI Data      Debug   Library Member Name

         0          0          0          0          0          0   entry.o
         0          0          0          0          0          0   entry10a.o
         0          0          0          0          0          0   entry11a.o
         4          0          0          0          0          0   entry12b.o
         8          4          0          0          0          0   entry2.o
         4          0          0          0          0          0   entry5.o
         0          0          0          0          0          0   entry7b.o
         0          0          0          0          0          0   entry8b.o
         8          4          0          0          0          0   entry9a.o
        30          0          0          0          0          0   handlers.o
        40          0          0          0          0         72   idiv.o
        36          8          0          0          0         68   init.o
        44          0          0          0          0         72   uidiv.o

    ----------------------------------------------------------------------
       174         16          0          0          0        212   Library Totals
         0          0          0          0          0          0   (incl. Padding)

    ----------------------------------------------------------------------

      Code (inc. data)   RO Data    RW Data    ZI Data      Debug   Library Name

       174         16          0          0          0        212   mc_p.l

    ----------------------------------------------------------------------
       174         16          0          0          0        212   Library Totals

    ----------------------------------------------------------------------

==============================================================================


      Code (inc. data)   RO Data    RW Data    ZI Data      Debug   

      1272        160        244         28       1044      14310   Grand Totals
      1272        160        244         28       1044      14310   ELF Image Totals
      1272        160        244         28          0          0   ROM Totals

==============================================================================

    Total RO  Size (Code + RO Data)                 1516 (   1.48kB)
    Total RW  Size (RW Data + ZI Data)              1072 (   1.05kB)
    Total ROM Size (Code + RO Data + RW Data)       1544 (   1.51kB)

==============================================================================

