Component: ARM Compiler 5.06 update 7 (build 960) Tool: armlink [4d3601]

==============================================================================

Section Cross References

    main.o(i.I2CStart) refers to main.o(i.display_bit_delay) for display_bit_delay
    main.o(i.I2CStop) refers to main.o(i.display_bit_delay) for display_bit_delay
    main.o(i.I2CWrByte) refers to main.o(i.display_bit_delay) for display_bit_delay
    main.o(i.I2Cask) refers to main.o(i.display_bit_delay) for display_bit_delay
    main.o(i.SmgDisplay) refers to main.o(i.I2CStart) for I2CStart
    main.o(i.SmgDisplay) refers to main.o(i.I2CWrByte) for I2CWrByte
    main.o(i.SmgDisplay) refers to main.o(i.I2Cask) for I2Cask
    main.o(i.SmgDisplay) refers to main.o(i.I2CStop) for I2CStop
    main.o(i.SysTick_Handler) refers to main.o(.data) for millis
    main.o(i.UART2_IRQHandler) refers to main.o(.bss) for in_fifo
    main.o(i.adc_task) refers to qsort.o(.text) for qsort
    main.o(i.adc_task) refers to idiv.o(.text) for __aeabi_idivmod
    main.o(i.adc_task) refers to main.o(.data) for delay_ms
    main.o(i.adc_task) refers to main.o(.bss) for brake_median_table
    main.o(i.adc_task) refers to main.o(i.uint16_t_qsort) for uint16_t_qsort
    main.o(i.display_task) refers to idiv.o(.text) for __aeabi_idivmod
    main.o(i.display_task) refers to main.o(i.SmgDisplay) for SmgDisplay
    main.o(i.display_task) refers to main.o(.data) for delay_ms
    main.o(i.display_task) refers to main.o(.bss) for in_data
    main.o(i.display_task) refers to main.o(.constdata) for num_to_seven_seg
    main.o(i.main) refers to main.o(i.__NVIC_SetPriority) for __NVIC_SetPriority
    main.o(i.main) refers to main.o(i.start_delay) for start_delay
    main.o(i.main) refers to main.o(i.display_task) for display_task
    main.o(i.main) refers to main.o(i.adc_task) for adc_task
    main.o(i.main) refers to main.o(i.tx_task) for tx_task
    main.o(i.main) refers to main.o(i.rx_task) for rx_task
    main.o(i.main) refers to main.o(.data) for out_data_current
    main.o(i.main) refers to main.o(.bss) for in_data
    main.o(i.rx_task) refers to memcpya.o(.text) for __aeabi_memcpy
    main.o(i.rx_task) refers to main.o(.bss) for in_fifo
    main.o(i.rx_task) refers to main.o(.data) for in_data_readed
    main.o(i.start_delay) refers to main.o(.data) for millis
    main.o(i.tx_task) refers to memcpya.o(.text) for __aeabi_memcpy
    main.o(i.tx_task) refers to main.o(.data) for delay_ms
    start.o(RESET) refers to start.o(STACK) for __initial_sp
    start.o(RESET) refers to start.o(.text) for Reset_Handler
    start.o(RESET) refers to main.o(i.SysTick_Handler) for SysTick_Handler
    start.o(RESET) refers to main.o(i.UART2_IRQHandler) for UART2_IRQHandler
    start.o(.text) refers to start.o(STACK) for __initial_sp
    start.o(.text) refers to sys.o(i.SystemInit) for SystemInit
    start.o(.text) refers to entry.o(.ARM.Collect$$$$00000000) for __main
    sys.o(i.AutoCalPllFactor) refers to uidiv.o(.text) for __aeabi_uidivmod
    sys.o(i.SetSysClock) refers to sys.o(i.SetSysClockToXX_HSI) for SetSysClockToXX_HSI
    sys.o(i.SetSysClockToXX_HSI) refers to uidiv.o(.text) for __aeabi_uidivmod
    sys.o(i.SetSysClockToXX_HSI) refers to sys.o(.data) for SystemCoreClock
    sys.o(i.SystemInit) refers to sys.o(i.SetSysClock) for SetSysClock
    entry.o(.ARM.Collect$$$$00000000) refers (Special) to entry10a.o(.ARM.Collect$$$$0000000F) for __rt_final_cpp
    entry.o(.ARM.Collect$$$$00000000) refers (Special) to entry11a.o(.ARM.Collect$$$$00000011) for __rt_final_exit
    entry.o(.ARM.Collect$$$$00000000) refers (Special) to entry12b.o(.ARM.Collect$$$$0000000E) for __rt_lib_shutdown_fini
    entry.o(.ARM.Collect$$$$00000000) refers (Special) to entry7b.o(.ARM.Collect$$$$00000008) for _main_clock
    entry.o(.ARM.Collect$$$$00000000) refers (Special) to entry8b.o(.ARM.Collect$$$$0000000A) for _main_cpp_init
    entry.o(.ARM.Collect$$$$00000000) refers (Special) to entry9a.o(.ARM.Collect$$$$0000000B) for _main_init
    entry.o(.ARM.Collect$$$$00000000) refers (Special) to entry5.o(.ARM.Collect$$$$00000004) for _main_scatterload
    entry.o(.ARM.Collect$$$$00000000) refers (Special) to entry2.o(.ARM.Collect$$$$00000001) for _main_stk
    idiv.o(.text) refers to uidiv.o(.text) for __aeabi_uidivmod
    entry2.o(.ARM.Collect$$$$00000001) refers to entry2.o(.ARM.Collect$$$$00002712) for __lit__00000000
    entry2.o(.ARM.Collect$$$$00002712) refers to start.o(STACK) for __initial_sp
    entry2.o(__vectab_stack_and_reset_area) refers to start.o(STACK) for __initial_sp
    entry2.o(__vectab_stack_and_reset_area) refers to entry.o(.ARM.Collect$$$$00000000) for __main
    entry5.o(.ARM.Collect$$$$00000004) refers to init.o(.text) for __scatterload
    entry9a.o(.ARM.Collect$$$$0000000B) refers to main.o(i.main) for main
    entry9b.o(.ARM.Collect$$$$0000000C) refers to main.o(i.main) for main
    init.o(.text) refers to entry5.o(.ARM.Collect$$$$00000004) for __main_after_scatterload


==============================================================================

Removing Unused input sections from the image.

    Removing main.o(.rev16_text), (4 bytes).
    Removing main.o(.revsh_text), (4 bytes).
    Removing start.o(HEAP), (512 bytes).
    Removing sys.o(.rev16_text), (4 bytes).
    Removing sys.o(.revsh_text), (4 bytes).
    Removing sys.o(i.AutoCalPllFactor), (106 bytes).

6 unused section(s) (total 634 bytes) removed from the image.

==============================================================================

Image Symbol Table

    Local Symbols

    Symbol Name                              Value     Ov Type        Size  Object(Section)

    ../clib/microlib/division.c              0x00000000   Number         0  idiv.o ABSOLUTE
    ../clib/microlib/division.c              0x00000000   Number         0  uidiv.o ABSOLUTE
    ../clib/microlib/init/entry.s            0x00000000   Number         0  entry12b.o ABSOLUTE
    ../clib/microlib/init/entry.s            0x00000000   Number         0  entry12a.o ABSOLUTE
    ../clib/microlib/init/entry.s            0x00000000   Number         0  entry11b.o ABSOLUTE
    ../clib/microlib/init/entry.s            0x00000000   Number         0  entry10b.o ABSOLUTE
    ../clib/microlib/init/entry.s            0x00000000   Number         0  entry10a.o ABSOLUTE
    ../clib/microlib/init/entry.s            0x00000000   Number         0  entry9b.o ABSOLUTE
    ../clib/microlib/init/entry.s            0x00000000   Number         0  entry9a.o ABSOLUTE
    ../clib/microlib/init/entry.s            0x00000000   Number         0  entry11a.o ABSOLUTE
    ../clib/microlib/init/entry.s            0x00000000   Number         0  entry7b.o ABSOLUTE
    ../clib/microlib/init/entry.s            0x00000000   Number         0  entry7a.o ABSOLUTE
    ../clib/microlib/init/entry.s            0x00000000   Number         0  entry8b.o ABSOLUTE
    ../clib/microlib/init/entry.s            0x00000000   Number         0  entry5.o ABSOLUTE
    ../clib/microlib/init/entry.s            0x00000000   Number         0  entry8a.o ABSOLUTE
    ../clib/microlib/init/entry.s            0x00000000   Number         0  entry2.o ABSOLUTE
    ../clib/microlib/init/entry.s            0x00000000   Number         0  entry.o ABSOLUTE
    ../clib/microlib/stdlib/qsort.c          0x00000000   Number         0  qsort.o ABSOLUTE
    ../clib/microlib/string/memcpy.c         0x00000000   Number         0  memcpyb.o ABSOLUTE
    ../clib/microlib/string/memcpy.c         0x00000000   Number         0  memcpya.o ABSOLUTE
    dc.s                                     0x00000000   Number         0  dc.o ABSOLUTE
    handlers.s                               0x00000000   Number         0  handlers.o ABSOLUTE
    init.s                                   0x00000000   Number         0  init.o ABSOLUTE
    src\\main.c                              0x00000000   Number         0  main.o ABSOLUTE
    src\\sys.c                               0x00000000   Number         0  sys.o ABSOLUTE
    src\main.c                               0x00000000   Number         0  main.o ABSOLUTE
    src\start.s                              0x00000000   Number         0  start.o ABSOLUTE
    src\sys.c                                0x00000000   Number         0  sys.o ABSOLUTE
    RESET                                    0x08000000   Section      192  start.o(RESET)
    .ARM.Collect$$$$00000000                 0x080000c0   Section        0  entry.o(.ARM.Collect$$$$00000000)
    .ARM.Collect$$$$00000001                 0x080000c0   Section        4  entry2.o(.ARM.Collect$$$$00000001)
    .ARM.Collect$$$$00000004                 0x080000c4   Section        4  entry5.o(.ARM.Collect$$$$00000004)
    .ARM.Collect$$$$00000008                 0x080000c8   Section        0  entry7b.o(.ARM.Collect$$$$00000008)
    .ARM.Collect$$$$0000000A                 0x080000c8   Section        0  entry8b.o(.ARM.Collect$$$$0000000A)
    .ARM.Collect$$$$0000000B                 0x080000c8   Section        8  entry9a.o(.ARM.Collect$$$$0000000B)
    .ARM.Collect$$$$0000000E                 0x080000d0   Section        4  entry12b.o(.ARM.Collect$$$$0000000E)
    .ARM.Collect$$$$0000000F                 0x080000d4   Section        0  entry10a.o(.ARM.Collect$$$$0000000F)
    .ARM.Collect$$$$00000011                 0x080000d4   Section        0  entry11a.o(.ARM.Collect$$$$00000011)
    .ARM.Collect$$$$00002712                 0x080000d4   Section        4  entry2.o(.ARM.Collect$$$$00002712)
    __lit__00000000                          0x080000d4   Data           4  entry2.o(.ARM.Collect$$$$00002712)
    .text                                    0x080000d8   Section       96  start.o(.text)
    .text                                    0x08000138   Section        0  uidiv.o(.text)
    .text                                    0x08000164   Section        0  idiv.o(.text)
    .text                                    0x0800018c   Section        0  qsort.o(.text)
    .text                                    0x0800022e   Section        0  memcpya.o(.text)
    .text                                    0x08000254   Section       36  init.o(.text)
    i.I2CStart                               0x08000278   Section        0  main.o(i.I2CStart)
    i.I2CStop                                0x080002b4   Section        0  main.o(i.I2CStop)
    i.I2CWrByte                              0x0800030c   Section        0  main.o(i.I2CWrByte)
    i.I2Cask                                 0x08000378   Section        0  main.o(i.I2Cask)
    i.SetSysClock                            0x080003b8   Section        0  sys.o(i.SetSysClock)
    SetSysClock                              0x080003b9   Thumb Code     8  sys.o(i.SetSysClock)
    i.SetSysClockToXX_HSI                    0x080003c0   Section        0  sys.o(i.SetSysClockToXX_HSI)
    SetSysClockToXX_HSI                      0x080003c1   Thumb Code   198  sys.o(i.SetSysClockToXX_HSI)
    i.SmgDisplay                             0x080004a0   Section        0  main.o(i.SmgDisplay)
    i.SysTick_Handler                        0x0800050c   Section        0  main.o(i.SysTick_Handler)
    i.SystemInit                             0x0800051c   Section        0  sys.o(i.SystemInit)
    i.UART2_IRQHandler                       0x08000588   Section        0  main.o(i.UART2_IRQHandler)
    i.__NVIC_SetPriority                     0x080005d0   Section        0  main.o(i.__NVIC_SetPriority)
    __NVIC_SetPriority                       0x080005d1   Thumb Code   110  main.o(i.__NVIC_SetPriority)
    i.__scatterload_copy                     0x08000648   Section       14  handlers.o(i.__scatterload_copy)
    i.__scatterload_null                     0x08000656   Section        2  handlers.o(i.__scatterload_null)
    i.__scatterload_zeroinit                 0x08000658   Section       14  handlers.o(i.__scatterload_zeroinit)
    i.adc_task                               0x08000668   Section        0  main.o(i.adc_task)
    i.display_bit_delay                      0x08000774   Section        0  main.o(i.display_bit_delay)
    i.display_task                           0x08000784   Section        0  main.o(i.display_task)
    i.main                                   0x080008dc   Section        0  main.o(i.main)
    i.rx_task                                0x080009f8   Section        0  main.o(i.rx_task)
    i.start_delay                            0x08000a80   Section        0  main.o(i.start_delay)
    i.tx_task                                0x08000a9c   Section        0  main.o(i.tx_task)
    i.uint16_t_qsort                         0x08000b10   Section        0  main.o(i.uint16_t_qsort)
    .constdata                               0x08000b1a   Section       10  main.o(.constdata)
    .data                                    0x20000000   Section       60  main.o(.data)
    delay_ms                                 0x2000001c   Data           4  main.o(.data)
    delay_ms                                 0x20000020   Data           4  main.o(.data)
    data                                     0x20000024   Data           6  main.o(.data)
    delay_ms                                 0x2000002c   Data           4  main.o(.data)
    median_id                                0x20000030   Data           1  main.o(.data)
    accel                                    0x20000034   Data           4  main.o(.data)
    brake                                    0x20000038   Data           4  main.o(.data)
    .data                                    0x2000003c   Section       20  sys.o(.data)
    .bss                                     0x20000050   Section      180  main.o(.bss)
    accel_median_table                       0x200000f0   Data          10  main.o(.bss)
    brake_median_table                       0x200000fa   Data          10  main.o(.bss)
    STACK                                    0x20000108   Section     1024  start.o(STACK)

    Global Symbols

    Symbol Name                              Value     Ov Type        Size  Object(Section)

    BuildAttributes$$THM_ISAv3M$S$PE$A:L22$X:L11$S22$IEEE1$IW$USESV6$~STKCKD$USESV7$~SHL$OSPACE$EBA8$MICROLIB$REQ8$PRES8$EABIv2 0x00000000   Number         0  anon$$obj.o ABSOLUTE
    __ARM_use_no_argv                        0x00000000   Number         0  main.o ABSOLUTE
    __arm_fini_                               - Undefined Weak Reference
    __cpp_initialize__aeabi_                  - Undefined Weak Reference
    __cxa_finalize                            - Undefined Weak Reference
    __decompress                              - Undefined Weak Reference
    _clock_init                               - Undefined Weak Reference
    _microlib_exit                            - Undefined Weak Reference
    __Vectors_Size                           0x000000c0   Number         0  start.o ABSOLUTE
    __Vectors                                0x08000000   Data           4  start.o(RESET)
    __Vectors_End                            0x080000c0   Data           0  start.o(RESET)
    __main                                   0x080000c1   Thumb Code     0  entry.o(.ARM.Collect$$$$00000000)
    _main_stk                                0x080000c1   Thumb Code     0  entry2.o(.ARM.Collect$$$$00000001)
    _main_scatterload                        0x080000c5   Thumb Code     0  entry5.o(.ARM.Collect$$$$00000004)
    __main_after_scatterload                 0x080000c9   Thumb Code     0  entry5.o(.ARM.Collect$$$$00000004)
    _main_clock                              0x080000c9   Thumb Code     0  entry7b.o(.ARM.Collect$$$$00000008)
    _main_cpp_init                           0x080000c9   Thumb Code     0  entry8b.o(.ARM.Collect$$$$0000000A)
    _main_init                               0x080000c9   Thumb Code     0  entry9a.o(.ARM.Collect$$$$0000000B)
    __rt_lib_shutdown_fini                   0x080000d1   Thumb Code     0  entry12b.o(.ARM.Collect$$$$0000000E)
    __rt_final_cpp                           0x080000d5   Thumb Code     0  entry10a.o(.ARM.Collect$$$$0000000F)
    __rt_final_exit                          0x080000d5   Thumb Code     0  entry11a.o(.ARM.Collect$$$$00000011)
    Reset_Handler                            0x080000d9   Thumb Code    44  start.o(.text)
    NMI_Handler                              0x08000105   Thumb Code     2  start.o(.text)
    HardFault_Handler                        0x08000107   Thumb Code     2  start.o(.text)
    SVC_Handler                              0x08000109   Thumb Code     2  start.o(.text)
    PendSV_Handler                           0x0800010b   Thumb Code     2  start.o(.text)
    ADC1_COMP_IRQHandler                     0x0800010f   Thumb Code     0  start.o(.text)
    CAN_IRQHandler                           0x0800010f   Thumb Code     0  start.o(.text)
    DMA1_Channel1_IRQHandler                 0x0800010f   Thumb Code     0  start.o(.text)
    DMA1_Channel2_3_IRQHandler               0x0800010f   Thumb Code     0  start.o(.text)
    DMA1_Channel4_5_IRQHandler               0x0800010f   Thumb Code     0  start.o(.text)
    EXTI0_1_IRQHandler                       0x0800010f   Thumb Code     0  start.o(.text)
    EXTI2_3_IRQHandler                       0x0800010f   Thumb Code     0  start.o(.text)
    EXTI4_15_IRQHandler                      0x0800010f   Thumb Code     0  start.o(.text)
    FLASH_IRQHandler                         0x0800010f   Thumb Code     0  start.o(.text)
    HWDIV_IRQHandler                         0x0800010f   Thumb Code     0  start.o(.text)
    I2C1_IRQHandler                          0x0800010f   Thumb Code     0  start.o(.text)
    PVD_IRQHandler                           0x0800010f   Thumb Code     0  start.o(.text)
    RCC_CRS_IRQHandler                       0x0800010f   Thumb Code     0  start.o(.text)
    RTC_BKP_IRQHandler                       0x0800010f   Thumb Code     0  start.o(.text)
    SPI1_IRQHandler                          0x0800010f   Thumb Code     0  start.o(.text)
    SPI2_IRQHandler                          0x0800010f   Thumb Code     0  start.o(.text)
    TIM14_IRQHandler                         0x0800010f   Thumb Code     0  start.o(.text)
    TIM16_IRQHandler                         0x0800010f   Thumb Code     0  start.o(.text)
    TIM17_IRQHandler                         0x0800010f   Thumb Code     0  start.o(.text)
    TIM1_BRK_UP_TRG_COM_IRQHandler           0x0800010f   Thumb Code     0  start.o(.text)
    TIM1_CC_IRQHandler                       0x0800010f   Thumb Code     0  start.o(.text)
    TIM2_IRQHandler                          0x0800010f   Thumb Code     0  start.o(.text)
    TIM3_IRQHandler                          0x0800010f   Thumb Code     0  start.o(.text)
    UART1_IRQHandler                         0x0800010f   Thumb Code     0  start.o(.text)
    WWDG_IRQHandler                          0x0800010f   Thumb Code     0  start.o(.text)
    __aeabi_uidiv                            0x08000139   Thumb Code     0  uidiv.o(.text)
    __aeabi_uidivmod                         0x08000139   Thumb Code    44  uidiv.o(.text)
    __aeabi_idiv                             0x08000165   Thumb Code     0  idiv.o(.text)
    __aeabi_idivmod                          0x08000165   Thumb Code    40  idiv.o(.text)
    qsort                                    0x0800018d   Thumb Code   162  qsort.o(.text)
    __aeabi_memcpy                           0x0800022f   Thumb Code    36  memcpya.o(.text)
    __aeabi_memcpy4                          0x0800022f   Thumb Code     0  memcpya.o(.text)
    __aeabi_memcpy8                          0x0800022f   Thumb Code     0  memcpya.o(.text)
    __scatterload                            0x08000255   Thumb Code    28  init.o(.text)
    __scatterload_rt2                        0x08000255   Thumb Code     0  init.o(.text)
    I2CStart                                 0x08000279   Thumb Code    56  main.o(i.I2CStart)
    I2CStop                                  0x080002b5   Thumb Code    82  main.o(i.I2CStop)
    I2CWrByte                                0x0800030d   Thumb Code   102  main.o(i.I2CWrByte)
    I2Cask                                   0x08000379   Thumb Code    60  main.o(i.I2Cask)
    SmgDisplay                               0x080004a1   Thumb Code   106  main.o(i.SmgDisplay)
    SysTick_Handler                          0x0800050d   Thumb Code    12  main.o(i.SysTick_Handler)
    SystemInit                               0x0800051d   Thumb Code    90  sys.o(i.SystemInit)
    UART2_IRQHandler                         0x08000589   Thumb Code    62  main.o(i.UART2_IRQHandler)
    __scatterload_copy                       0x08000649   Thumb Code    14  handlers.o(i.__scatterload_copy)
    __scatterload_null                       0x08000657   Thumb Code     2  handlers.o(i.__scatterload_null)
    __scatterload_zeroinit                   0x08000659   Thumb Code    14  handlers.o(i.__scatterload_zeroinit)
    adc_task                                 0x08000669   Thumb Code   228  main.o(i.adc_task)
    display_bit_delay                        0x08000775   Thumb Code    14  main.o(i.display_bit_delay)
    display_task                             0x08000785   Thumb Code   320  main.o(i.display_task)
    main                                     0x080008dd   Thumb Code   246  main.o(i.main)
    rx_task                                  0x080009f9   Thumb Code   110  main.o(i.rx_task)
    start_delay                              0x08000a81   Thumb Code    22  main.o(i.start_delay)
    tx_task                                  0x08000a9d   Thumb Code    92  main.o(i.tx_task)
    uint16_t_qsort                           0x08000b11   Thumb Code    10  main.o(i.uint16_t_qsort)
    num_to_seven_seg                         0x08000b1a   Data          10  main.o(.constdata)
    Region$$Table$$Base                      0x08000b24   Number         0  anon$$obj.o(Region$$Table)
    Region$$Table$$Limit                     0x08000b44   Number         0  anon$$obj.o(Region$$Table)
    millis                                   0x20000000   Data           4  main.o(.data)
    out_data_current                         0x20000004   Data           6  main.o(.data)
    out_data                                 0x2000000a   Data           6  main.o(.data)
    out_data_sended_size                     0x20000010   Data           4  main.o(.data)
    in_data_readed                           0x20000014   Data           4  main.o(.data)
    no_data_timeout                          0x20000018   Data           4  main.o(.data)
    SystemCoreClock                          0x2000003c   Data           4  sys.o(.data)
    AHBPrescTable                            0x20000040   Data          16  sys.o(.data)
    in_data_current                          0x20000050   Data          11  main.o(.bss)
    in_data                                  0x2000005b   Data          11  main.o(.bss)
    in_fifo                                  0x20000068   Data         136  main.o(.bss)
    __initial_sp                             0x20000508   Data           0  start.o(STACK)



==============================================================================

Memory Map of the image

  Image Entry point : 0x080000c1

  Load Region LR_IROM1 (Base: 0x08000000, Size: 0x00000b94, Max: 0x00008000, ABSOLUTE)

    Execution Region ER_IROM1 (Exec base: 0x08000000, Load base: 0x08000000, Size: 0x00000b44, Max: 0x00008000, ABSOLUTE)

    Exec Addr    Load Addr    Size         Type   Attr      Idx    E Section Name        Object

    0x08000000   0x08000000   0x000000c0   Data   RO          216    RESET               start.o
    0x080000c0   0x080000c0   0x00000000   Code   RO          263  * .ARM.Collect$$$$00000000  mc_p.l(entry.o)
    0x080000c0   0x080000c0   0x00000004   Code   RO          276    .ARM.Collect$$$$00000001  mc_p.l(entry2.o)
    0x080000c4   0x080000c4   0x00000004   Code   RO          279    .ARM.Collect$$$$00000004  mc_p.l(entry5.o)
    0x080000c8   0x080000c8   0x00000000   Code   RO          281    .ARM.Collect$$$$00000008  mc_p.l(entry7b.o)
    0x080000c8   0x080000c8   0x00000000   Code   RO          283    .ARM.Collect$$$$0000000A  mc_p.l(entry8b.o)
    0x080000c8   0x080000c8   0x00000008   Code   RO          284    .ARM.Collect$$$$0000000B  mc_p.l(entry9a.o)
    0x080000d0   0x080000d0   0x00000004   Code   RO          291    .ARM.Collect$$$$0000000E  mc_p.l(entry12b.o)
    0x080000d4   0x080000d4   0x00000000   Code   RO          286    .ARM.Collect$$$$0000000F  mc_p.l(entry10a.o)
    0x080000d4   0x080000d4   0x00000000   Code   RO          288    .ARM.Collect$$$$00000011  mc_p.l(entry11a.o)
    0x080000d4   0x080000d4   0x00000004   Code   RO          277    .ARM.Collect$$$$00002712  mc_p.l(entry2.o)
    0x080000d8   0x080000d8   0x00000060   Code   RO          217    .text               start.o
    0x08000138   0x08000138   0x0000002c   Code   RO          266    .text               mc_p.l(uidiv.o)
    0x08000164   0x08000164   0x00000028   Code   RO          268    .text               mc_p.l(idiv.o)
    0x0800018c   0x0800018c   0x000000a2   Code   RO          270    .text               mc_p.l(qsort.o)
    0x0800022e   0x0800022e   0x00000024   Code   RO          272    .text               mc_p.l(memcpya.o)
    0x08000252   0x08000252   0x00000002   PAD
    0x08000254   0x08000254   0x00000024   Code   RO          292    .text               mc_p.l(init.o)
    0x08000278   0x08000278   0x0000003c   Code   RO            3    i.I2CStart          main.o
    0x080002b4   0x080002b4   0x00000058   Code   RO            4    i.I2CStop           main.o
    0x0800030c   0x0800030c   0x0000006c   Code   RO            5    i.I2CWrByte         main.o
    0x08000378   0x08000378   0x00000040   Code   RO            6    i.I2Cask            main.o
    0x080003b8   0x080003b8   0x00000008   Code   RO          224    i.SetSysClock       sys.o
    0x080003c0   0x080003c0   0x000000e0   Code   RO          225    i.SetSysClockToXX_HSI  sys.o
    0x080004a0   0x080004a0   0x0000006a   Code   RO            7    i.SmgDisplay        main.o
    0x0800050a   0x0800050a   0x00000002   PAD
    0x0800050c   0x0800050c   0x00000010   Code   RO            8    i.SysTick_Handler   main.o
    0x0800051c   0x0800051c   0x0000006c   Code   RO          226    i.SystemInit        sys.o
    0x08000588   0x08000588   0x00000048   Code   RO            9    i.UART2_IRQHandler  main.o
    0x080005d0   0x080005d0   0x00000078   Code   RO           10    i.__NVIC_SetPriority  main.o
    0x08000648   0x08000648   0x0000000e   Code   RO          296    i.__scatterload_copy  mc_p.l(handlers.o)
    0x08000656   0x08000656   0x00000002   Code   RO          297    i.__scatterload_null  mc_p.l(handlers.o)
    0x08000658   0x08000658   0x0000000e   Code   RO          298    i.__scatterload_zeroinit  mc_p.l(handlers.o)
    0x08000666   0x08000666   0x00000002   PAD
    0x08000668   0x08000668   0x0000010c   Code   RO           11    i.adc_task          main.o
    0x08000774   0x08000774   0x0000000e   Code   RO           12    i.display_bit_delay  main.o
    0x08000782   0x08000782   0x00000002   PAD
    0x08000784   0x08000784   0x00000158   Code   RO           13    i.display_task      main.o
    0x080008dc   0x080008dc   0x0000011c   Code   RO           14    i.main              main.o
    0x080009f8   0x080009f8   0x00000088   Code   RO           15    i.rx_task           main.o
    0x08000a80   0x08000a80   0x0000001c   Code   RO           16    i.start_delay       main.o
    0x08000a9c   0x08000a9c   0x00000074   Code   RO           17    i.tx_task           main.o
    0x08000b10   0x08000b10   0x0000000a   Code   RO           18    i.uint16_t_qsort    main.o
    0x08000b1a   0x08000b1a   0x0000000a   Data   RO           20    .constdata          main.o
    0x08000b24   0x08000b24   0x00000020   Data   RO          294    Region$$Table       anon$$obj.o


    Execution Region RW_IRAM1 (Exec base: 0x20000000, Load base: 0x08000b44, Size: 0x00000508, Max: 0x00001000, ABSOLUTE)

    Exec Addr    Load Addr    Size         Type   Attr      Idx    E Section Name        Object

    0x20000000   0x08000b44   0x0000003c   Data   RW           21    .data               main.o
    0x2000003c   0x08000b80   0x00000014   Data   RW          227    .data               sys.o
    0x20000050        -       0x000000b4   Zero   RW           19    .bss                main.o
    0x20000104   0x08000b94   0x00000004   PAD
    0x20000108        -       0x00000400   Zero   RW          214    STACK               start.o


==============================================================================

Image component sizes


      Code (inc. data)   RO Data    RW Data    ZI Data      Debug   Object Name

      1834        202         10         60        180      34964   main.o
        96         40        192          0       1024        552   start.o
       340         44          0         20          0       1925   sys.o

    ----------------------------------------------------------------------
      2274        286        234         80       1208      37441   Object Totals
         0          0         32          0          0          0   (incl. Generated)
         4          0          0          0          4          0   (incl. Padding)

    ----------------------------------------------------------------------

      Code (inc. data)   RO Data    RW Data    ZI Data      Debug   Library Member Name

         0          0          0          0          0          0   entry.o
         0          0          0          0          0          0   entry10a.o
         0          0          0          0          0          0   entry11a.o
         4          0          0          0          0          0   entry12b.o
         8          4          0          0          0          0   entry2.o
         4          0          0          0          0          0   entry5.o
         0          0          0          0          0          0   entry7b.o
         0          0          0          0          0          0   entry8b.o
         8          4          0          0          0          0   entry9a.o
        30          0          0          0          0          0   handlers.o
        40          0          0          0          0         72   idiv.o
        36          8          0          0          0         68   init.o
        36          0          0          0          0         60   memcpya.o
       162          0          0          0          0         80   qsort.o
        44          0          0          0          0         72   uidiv.o

    ----------------------------------------------------------------------
       376         16          0          0          0        352   Library Totals
         4          0          0          0          0          0   (incl. Padding)

    ----------------------------------------------------------------------

      Code (inc. data)   RO Data    RW Data    ZI Data      Debug   Library Name

       372         16          0          0          0        352   mc_p.l

    ----------------------------------------------------------------------
       376         16          0          0          0        352   Library Totals

    ----------------------------------------------------------------------

==============================================================================


      Code (inc. data)   RO Data    RW Data    ZI Data      Debug   

      2650        302        234         80       1208      37109   Grand Totals
      2650        302        234         80       1208      37109   ELF Image Totals
      2650        302        234         80          0          0   ROM Totals

==============================================================================

    Total RO  Size (Code + RO Data)                 2884 (   2.82kB)
    Total RW  Size (RW Data + ZI Data)              1288 (   1.26kB)
    Total ROM Size (Code + RO Data + RW Data)       2964 (   2.89kB)

==============================================================================

